[Map]
author=Sean O'Connor
image=Atlantis.bmp
wrap=yes
scroll=horizontal
warn=yes

[Continents]
Enevim=3
Kala=6
Nova=5
Barak Los=2
Neimaach=7
Barba Moya=6

[Territories]
Ssag,228,59,Kala,Lurd,Fali,Jer,Jer,Fali,Lurd,Jer,Jer,Fali,Fali,Lurd,Lurd,Jer,Jer,Jer,Jer,Fali,Fali,Fali,Fali,Lurd,Lurd,Lurd,Lurd,Jer,Jer,Jer,Jer,Jer,Jer,Jer,Jer,Fali,Fali,Fali,Fali,Fali,Fali,Fali,Fali,Lurd,Lurd,Lurd,Lurd,Lurd,Lurd,Lurd,Lurd
Obar,511,128,Nova,Arvi,Inve,Eritus,Inve,Arvi,Eritus,Inve,Inve,Arvi,Arvi,Eritus,Eritus,Inve,Inve,Inve,Inve,Arvi,Arvi,Arvi,Arvi,Eritus,Eritus,Eritus,Eritus,Inve,Inve,Inve,Inve,Inve,Inve,Inve,Inve,Arvi,Arvi,Arvi,Arvi,Arvi,Arvi,Arvi,Arvi,Eritus,Eritus,Eritus,Eritus,Eritus,Eritus,Eritus,Eritus
San Funander,584,304,Barak Los,Pierco,Marakas,Pierco,Marakas,Pierco,Pierco,Marakas,Marakas,Pierco,Pierco,Pierco,Pierco,Marakas,Marakas,Marakas,Marakas,Pierco,Pierco,Pierco,Pierco,Pierco,Pierco,Pierco,Pierco,Marakas,Marakas,Marakas,Marakas,Marakas,Marakas,Marakas,Marakas
Spora,127,139,Kala,Forgoth,Rove,Jer,Unbecom,Kinsha,Kinsha,Forgoth,Rove,Jer,Unbecom,Kinsha,Kinsha,Forgoth,Forgoth,Rove,Rove,Jer,Jer,Unbecom,Unbecom,Kinsha,Kinsha,Kinsha,Kinsha,Forgoth,Forgoth,Forgoth,Forgoth,Rove,Rove,Rove,Rove,Jer,Jer,Jer,Jer,Unbecom,Unbecom,Unbecom,Unbecom,Kinsha,Kinsha,Kinsha,Kinsha,Kinsha,Kinsha,Kinsha,Kinsha,Forgoth,Forgoth,Forgoth,Forgoth,Forgoth,Forgoth,Forgoth,Forgoth,Rove,Rove,Rove,Rove,Rove,Rove,Rove,Rove,Jer,Jer,Jer,Jer,Jer,Jer,Jer,Jer,Unbecom,Unbecom,Unbecom,Unbecom,Unbecom,Unbecom,Unbecom,Unbecom
Pierco,620,292,Barak Los,San Funander,San Funander,San Funander,San Funander,San Funander,San Funander,San Funander,San Funander,San Funander,San Funander,San Funander,San Funander,San Funander,San Funander,San Funander,Aqualia,San Funander,Marakas,Tocko,Aqualia,Tocko,Marakas,Aqualia,Aqualia,Tocko,Tocko,Marakas,Marakas,Aqualia,Aqualia,Aqualia,Aqualia,Tocko,Tocko,Tocko,Tocko,Marakas,Marakas,Marakas,Marakas,Aqualia,Aqualia,Aqualia,Aqualia,Aqualia,Aqualia,Aqualia,Aqualia,Tocko,Tocko,Tocko,Tocko,Tocko,Tocko,Tocko,Tocko,Marakas,Marakas,Marakas,Marakas,Marakas,Marakas,Marakas,Marakas
Valinor,389,26,Enevim,Evor,Evim,Evim,Evor,Evim,Evim,Evor,Evor,Evim,Evim,Evim,Evim,Evor,Evor,Evor,Evor,Evim,Evim,Evim,Evim,Evim,Evim,Evim,Evim,Evor,Evor,Evor,Evor,Evor,Evor,Evor,Evor
Kasten,305,370,Neimaach,Friedartika,Nurta,Engel,Kalthausen,Unterkan,Friedartika,Nurta,Engel,Kalthausen,Unterkan,Friedartika,Friedartika,Nurta,Nurta,Engel,Engel,Kalthausen,Kalthausen,Unterkan,Unterkan,Friedartika,Friedartika,Friedartika,Friedartika,Nurta,Nurta,Nurta,Nurta,Engel,Engel,Engel,Engel,Kalthausen,Kalthausen,Kalthausen,Kalthausen,Unterkan,Unterkan,Unterkan,Unterkan,Friedartika,Friedartika,Friedartika,Friedartika,Friedartika,Friedartika,Friedartika,Friedartika,Nurta,Nurta,Nurta,Nurta,Nurta,Nurta,Nurta,Nurta,Engel,Engel,Engel,Engel,Engel,Engel,Engel,Engel,Kalthausen,Kalthausen,Kalthausen,Kalthausen,Kalthausen,Kalthausen,Kalthausen,Kalthausen,Unterkan,Unterkan,Unterkan,Unterkan,Unterkan,Unterkan,Unterkan,Unterkan
Kinsha,115,254,Barba Moya,Spora,Spora,Spora,Spora,Spora,Spora,Spora,Spora,Spora,Spora,Spora,Spora,Spora,Spora,Spora,Spora,Unbecom,Lo,Blanki Vista,Mittenmoth,Farla,Blanki Vista,Lo,Farla,Mittenmoth,Unbecom,Blanki Vista,Blanki Vista,Lo,Lo,Farla,Farla,Mittenmoth,Mittenmoth,Unbecom,Unbecom,Blanki Vista,Blanki Vista,Blanki Vista,Blanki Vista,Lo,Lo,Lo,Lo,Farla,Farla,Farla,Farla,Mittenmoth,Mittenmoth,Mittenmoth,Mittenmoth,Unbecom,Unbecom,Unbecom,Unbecom,Blanki Vista,Blanki Vista,Blanki Vista,Blanki Vista,Blanki Vista,Blanki Vista,Blanki Vista,Blanki Vista,Lo,Lo,Lo,Lo,Lo,Lo,Lo,Lo,Farla,Farla,Farla,Farla,Farla,Farla,Farla,Farla,Mittenmoth,Mittenmoth,Mittenmoth,Mittenmoth,Mittenmoth,Mittenmoth,Mittenmoth,Mittenmoth,Unbecom,Unbecom,Unbecom,Unbecom,Unbecom,Unbecom,Unbecom,Unbecom
Aqualia,570,203,Nova,Pierco,Pierco,Pierco,Pierco,Pierco,Pierco,Pierco,Pierco,contienntmodified,contienntmodified,contienntmodified,contienntmodified,Pierco,Pierco,Pierco,Pierco,contienntmodified,contienntmodified,Pierco,Pierco,contienntmodified,Pierco,Inve,contienntmodified,Pierco,Inve,Inve,Inve,Inve,Inve,Inve,Inve,Inve,Inve,Inve,Inve,Inve,Inve,Inve,Inve,contienntmodified,contienntmodified,contienntmodified,contienntmodified,contienntmodified,contienntmodified,contienntmodified,contienntmodified
Friedartika,271,422,Neimaach,Kasten,Kasten,Kasten,Kasten,Kasten,Kasten,Kasten,Kasten,Kasten,Kasten,Kasten,Kasten,Kasten,Kasten,Kasten,Har,Kasten,Har,Har,Har,Har,Har,Har,Har,Har,Har,Har,Har,Har,Har,Har,Har
Forgoth,74,137,Kala,Spora,Spora,Spora,Spora,Spora,Spora,Spora,Spora,Spora,Spora,Spora,Spora,Spora,Spora,Spora,Rove,Spora,Rove,Rove,Rove,Rove,Rove,Rove,Rove,Rove,Rove,Rove,Rove,Rove,Rove,Rove,Rove
Teor,289,252,Neimaach,b,Farla,Nurta,Engel,Nurta,Engel,Farla,b,Nurta,Nurta,Engel,Engel,Farla,Farla,b,b,Nurta,Nurta,Nurta,Nurta,Engel,Engel,Engel,Engel,Farla,Farla,Farla,Farla,b,b,b,b,Nurta,Nurta,Nurta,Nurta,Nurta,Nurta,Nurta,Nurta,Engel,Engel,Engel,Engel,Engel,Engel,Engel,Engel,b,b,b,b,b,b,b,b,Farla,Farla,Farla,Farla,Farla,Farla,Farla,Farla
Evim,434,44,Enevim,Valinor,Valinor,Valinor,Valinor,Valinor,Valinor,Valinor,Valinor,Valinor,Valinor,Valinor,Valinor,Valinor,Valinor,Valinor,Valinor,Eritus,Evor,Evor,Eritus,Evor,Evor,Eritus,Eritus,Evor,Evor,Evor,Evor,Eritus,Eritus,Eritus,Eritus,Evor,Evor,Evor,Evor,Evor,Evor,Evor,Evor,Eritus,Eritus,Eritus,Eritus,Eritus,Eritus,Eritus,Eritus
Evor,370,58,Enevim,Valinor,Valinor,Valinor,Valinor,Valinor,Valinor,Valinor,Valinor,Evim,Evim,Evim,Evim,Evim,Evim,Evim,Evim,Valinor,Valinor,Valinor,Valinor,Evim,Evim,Evim,Evim,Valinor,Valinor,Evim,Evim,Valinor,Evim,Valinor,Evim,Lurd,Lurd,Lurd,Lurd,Lurd,Lurd,Lurd,Lurd,Lurd,Lurd,Lurd,Lurd,Lurd,Lurd,Lurd,Lurd
Inve,561,142,Nova,Obar,Obar,Obar,Obar,Obar,Obar,Obar,Obar,Aqualia,Aqualia,Aqualia,Aqualia,Aqualia,Aqualia,Aqualia,Aqualia,Obar,Obar,Obar,Obar,Aqualia,Aqualia,Aqualia,Aqualia,Obar,Obar,Aqualia,Aqualia,Obar,Aqualia,Arvi,Obar,Aqualia,Arvi,Arvi,Arvi,Arvi,Arvi,Arvi,Arvi,Arvi,Arvi,Arvi,Arvi,Arvi,Arvi,Arvi,Arvi
Bilon,134,421,Barba Moya,Batan,Blanki Vista,Mittenmoth,Har,Blanki Vista,Mittenmoth,Batan,Har,Blanki Vista,Blanki Vista,Mittenmoth,Mittenmoth,Batan,Batan,Har,Har,Blanki Vista,Blanki Vista,Blanki Vista,Blanki Vista,Mittenmoth,Mittenmoth,Mittenmoth,Mittenmoth,Batan,Batan,Batan,Batan,Har,Har,Har,Har,Blanki Vista,Blanki Vista,Blanki Vista,Blanki Vista,Blanki Vista,Blanki Vista,Blanki Vista,Blanki Vista,Mittenmoth,Mittenmoth,Mittenmoth,Mittenmoth,Mittenmoth,Mittenmoth,Mittenmoth,Mittenmoth,Batan,Batan,Batan,Batan,Batan,Batan,Batan,Batan,Har,Har,Har,Har,Har,Har,Har,Har
Nurta,276,300,Neimaach,Kasten,Kasten,Kasten,Kasten,Kasten,Kasten,Kasten,Kasten,Teor,Teor,Teor,Teor,Teor,Teor,Teor,Teor,Kasten,Kasten,Kasten,Kasten,Teor,Teor,Teor,Teor,Kasten,Kasten,Teor,Teor,Kasten,Teor,Farla,Teor,Engel,Kasten,Engel,Farla,Engel,Engel,Farla,Farla,Engel,Engel,Engel,Engel,Farla,Farla,Farla,Farla,Engel,Engel,Engel,Engel,Engel,Engel,Engel,Engel,Farla,Farla,Farla,Farla,Farla,Farla,Farla,Farla
Engel,346,316,Neimaach,Kasten,Kasten,Kasten,Kasten,Kasten,Kasten,Kasten,Kasten,Teor,Teor,Teor,Teor,Teor,Teor,Teor,Teor,Nurta,Nurta,Nurta,Nurta,Nurta,Nurta,Nurta,Nurta,Kasten,Kasten,Kasten,Kasten,Teor,Teor,Teor,Teor,Nurta,Nurta,Nurta,Nurta,Kasten,Kasten,Teor,Teor,Nurta,Nurta,Kasten,Teor,Nurta,Teor,Nurta,Kasten,Kalthausen,Kalthausen,Kalthausen,Kalthausen,Kalthausen,Kalthausen,Kalthausen,Kalthausen,Kalthausen,Kalthausen,Kalthausen,Kalthausen,Kalthausen,Kalthausen,Kalthausen,Kalthausen
Blanki Vista,68,343,Barba Moya,Kinsha,Kinsha,Kinsha,Kinsha,Kinsha,Kinsha,Kinsha,Kinsha,Bilon,Bilon,Bilon,Bilon,Bilon,Bilon,Bilon,Bilon,Kinsha,Kinsha,Kinsha,Kinsha,Bilon,Bilon,Bilon,Bilon,Kinsha,Kinsha,Bilon,Bilon,Kinsha,Bilon,Lo,Kinsha,Mittenmoth,Bilon,Batan,Tocko,Tocko,Lo,Mittenmoth,Batan,Tocko,Tocko,Lo,Lo,Mittenmoth,Mittenmoth,Batan,Batan,Tocko,Tocko,Tocko,Tocko,Lo,Lo,Lo,Lo,Mittenmoth,Mittenmoth,Mittenmoth,Mittenmoth,Batan,Batan,Batan,Batan,Tocko,Tocko,Tocko,Tocko,Tocko,Tocko,Tocko,Tocko,Lo,Lo,Lo,Lo,Lo,Lo,Lo,Lo,Mittenmoth,Mittenmoth,Mittenmoth,Mittenmoth,Mittenmoth,Mittenmoth,Mittenmoth,Mittenmoth,Batan,Batan,Batan,Batan,Batan,Batan,Batan,Batan
Arvi,547,89,Nova,Obar,Obar,Obar,Obar,Obar,Obar,Obar,Obar,Inve,Inve,Inve,Inve,Inve,Inve,Inve,Inve,Obar,Obar,Obar,Obar,Inve,Inve,Inve,Inve,Obar,Obar,Inve,Inve,Obar,Inve,Polaris,Inve,Obar,Polaris,Polaris,Polaris,Polaris,Polaris,Polaris,Polaris,Polaris,Polaris,Polaris,Polaris,Polaris,Polaris,Polaris,Polaris
Tocko,651,342,Barak Los,Pierco,Pierco,Pierco,Pierco,Pierco,Pierco,Pierco,Pierco,Blanki Vista,Blanki Vista,Blanki Vista,Blanki Vista,Blanki Vista,Blanki Vista,Blanki Vista,Blanki Vista,Pierco,Pierco,Pierco,Pierco,Blanki Vista,Blanki Vista,Blanki Vista,Blanki Vista,Pierco,Pierco,Blanki Vista,Blanki Vista,Pierco,Blanki Vista,Pierco,Marakas,Blanki Vista,Marakas,Marakas,Marakas,Marakas,Marakas,Marakas,Marakas,Marakas,Marakas,Marakas,Marakas,Marakas,Marakas,Marakas,Marakas
contienntmodified,483,236,Nova,Aqualia,Aqualia,Aqualia,Aqualia,Aqualia,Aqualia,Aqualia,Aqualia,Clokan,Aqualia,Aqualia,Clokan,Aqualia,Aqualia,Clokan,Clokan,Aqualia,Aqualia,Aqualia,Aqualia,Clokan,Clokan,Clokan,Clokan,Clokan,Clokan,Clokan,Clokan,Clokan,Clokan,Clokan,Clokan
Eritus,467,98,Nova,Obar,Obar,Obar,Obar,Obar,Obar,Obar,Obar,Evim,Evim,Evim,Evim,Evim,Evim,Evim,Evim,Obar,Obar,Obar,Obar,a,a,a,a,Evim,Evim,Evim,Evim,Obar,Obar,a,a,Evim,Evim,Obar,a,Evim,Evim,a,Obar,a,a,a,a,a,a,a,a
Marakas,613,369,Barak Los,San Funander,San Funander,San Funander,San Funander,San Funander,San Funander,San Funander,San Funander,Pierco,Pierco,Pierco,Pierco,Pierco,Pierco,Pierco,Pierco,Tocko,Tocko,Tocko,Tocko,Tocko,Tocko,Tocko,Tocko,San Funander,San Funander,San Funander,San Funander,Pierco,Pierco,Pierco,Pierco,Tocko,Tocko,Tocko,Tocko,San Funander,San Funander,Pierco,Pierco,Tocko,Tocko,San Funander,Pierco,Tocko,Pierco,San Funander,Tocko
a,346,155,Neimaach,Eritus,Eritus,Eritus,Eritus,Eritus,Eritus,Eritus,Eritus,Eritus,b,Unbecom,Eritus,b,Unbecom,Eritus,Eritus,b,b,Unbecom,Unbecom,Eritus,Eritus,Eritus,Eritus,b,b,b,b,Unbecom,Unbecom,Unbecom,Unbecom,b,b,b,b,b,b,b,b,Unbecom,Unbecom,Unbecom,Unbecom,Unbecom,Unbecom,Unbecom,Unbecom
b,318,199,Neimaach,Teor,Teor,Teor,Teor,Teor,Teor,Teor,Teor,a,a,a,a,a,a,a,a,a,a,a,a,Teor,Teor,Teor,Teor,Farla,Farla,Farla,Farla,Clokan,Clokan,Clokan,Clokan,a,a,Teor,Teor,Farla,Farla,Clokan,Clokan,a,Teor,Farla,Clokan,a,Clokan,Teor,Farla,Farla,Farla,Farla,Farla,Farla,Farla,Farla,Farla,Clokan,Clokan,Clokan,Clokan,Clokan,Clokan,Clokan,Clokan
Lo,59,252,Barba Moya,Kinsha,Kinsha,Kinsha,Kinsha,Kinsha,Kinsha,Kinsha,Kinsha,Blanki Vista,Blanki Vista,Blanki Vista,Blanki Vista,Blanki Vista,Blanki Vista,Blanki Vista,Blanki Vista,Kinsha,Kinsha,Kinsha,Kinsha,Blanki Vista,Blanki Vista,Blanki Vista,Blanki Vista,Kinsha,Kinsha,Blanki Vista,Blanki Vista,Kinsha,Blanki Vista,Kinsha,Blanki Vista
Horkan,465,343,Neimaach,Kalthausen,Unterkan,Kalthausen,Unterkan,Kalthausen,Kalthausen,Unterkan,Unterkan,Kalthausen,Kalthausen,Kalthausen,Kalthausen,Unterkan,Unterkan,Unterkan,Unterkan,Kalthausen,Kalthausen,Kalthausen,Kalthausen,Kalthausen,Kalthausen,Kalthausen,Kalthausen,Unterkan,Unterkan,Unterkan,Unterkan,Unterkan,Unterkan,Unterkan,Unterkan
Farla,167,266,Barba Moya,Kinsha,Kinsha,Kinsha,Kinsha,Kinsha,Kinsha,Kinsha,Kinsha,Teor,Teor,Teor,Teor,Teor,Teor,Teor,Teor,Nurta,Nurta,Nurta,Nurta,Nurta,Nurta,Nurta,Nurta,b,b,b,b,b,b,b,b,Kinsha,Kinsha,Kinsha,Kinsha,Teor,Teor,Teor,Teor,Nurta,Nurta,Nurta,Nurta,Kinsha,Kinsha,Teor,Teor,Nurta,Nurta,Kinsha,Teor,Nurta,Kinsha,Unbecom,b,Teor,Nurta,Esgarpok,Mittenmoth,Mittenmoth,Esgarpok,b,Unbecom,Mittenmoth,Mittenmoth,Esgarpok,Esgarpok,b,b,Unbecom,Unbecom,Mittenmoth,Mittenmoth,Mittenmoth,Mittenmoth,Esgarpok,Esgarpok,Esgarpok,Esgarpok,b,b,b,b,Unbecom,Unbecom,Unbecom,Unbecom,Mittenmoth,Mittenmoth,Mittenmoth,Mittenmoth,Mittenmoth,Mittenmoth,Mittenmoth,Mittenmoth,Esgarpok,Esgarpok,Esgarpok,Esgarpok,Esgarpok,Esgarpok,Esgarpok,Esgarpok,Unbecom,Unbecom,Unbecom,Unbecom,Unbecom,Unbecom,Unbecom,Unbecom
Mittenmoth,136,349,Barba Moya,Kinsha,Kinsha,Kinsha,Kinsha,Kinsha,Kinsha,Kinsha,Kinsha,Bilon,Bilon,Bilon,Bilon,Bilon,Bilon,Bilon,Bilon,Blanki Vista,Blanki Vista,Blanki Vista,Blanki Vista,Blanki Vista,Blanki Vista,Blanki Vista,Blanki Vista,Farla,Farla,Farla,Farla,Farla,Farla,Farla,Farla,Kinsha,Kinsha,Kinsha,Kinsha,Bilon,Bilon,Bilon,Bilon,Blanki Vista,Blanki Vista,Blanki Vista,Blanki Vista,Farla,Farla,Farla,Farla,Kinsha,Kinsha,Bilon,Bilon,Blanki Vista,Blanki Vista,Farla,Farla,Kinsha,Bilon,Blanki Vista,Farla,Kinsha,Farla,Esgarpok,Har,Bilon,Blanki Vista,Esgarpok,Har,Esgarpok,Esgarpok,Har,Har,Esgarpok,Esgarpok,Esgarpok,Esgarpok,Har,Har,Har,Har,Esgarpok,Esgarpok,Esgarpok,Esgarpok,Esgarpok,Esgarpok,Esgarpok,Esgarpok,Har,Har,Har,Har,Har,Har,Har,Har
Clokan,414,229,Neimaach,contienntmodified,contienntmodified,contienntmodified,contienntmodified,contienntmodified,contienntmodified,contienntmodified,contienntmodified,b,b,b,b,b,b,b,b,contienntmodified,contienntmodified,contienntmodified,contienntmodified,contienntmodified,contienntmodified,contienntmodified,b,Kalthausen,contienntmodified,b,Kalthausen,b,b,Kalthausen,Kalthausen,b,b,b,b,Kalthausen,Kalthausen,Kalthausen,Kalthausen,Kalthausen,Kalthausen,Kalthausen,Kalthausen,Kalthausen,Kalthausen,Kalthausen,Kalthausen
Rove,112,75,Kala,Spora,Spora,Spora,Spora,Spora,Spora,Spora,Spora,Forgoth,Forgoth,Forgoth,Forgoth,Forgoth,Forgoth,Forgoth,Forgoth,Spora,Spora,Spora,Spora,Forgoth,Forgoth,Forgoth,Forgoth,Spora,Spora,Forgoth,Forgoth,Spora,Forgoth,Jer,Spora,Forgoth,Polaris,Polaris,Jer,Polaris,Polaris,Jer,Jer,Polaris,Polaris,Polaris,Polaris,Jer,Jer,Jer,Jer,Polaris,Polaris,Polaris,Polaris,Polaris,Polaris,Polaris,Polaris,Jer,Jer,Jer,Jer,Jer,Jer,Jer,Jer
Batan,82,422,Barba Moya,Bilon,Bilon,Bilon,Bilon,Bilon,Bilon,Bilon,Bilon,Blanki Vista,Blanki Vista,Blanki Vista,Blanki Vista,Blanki Vista,Blanki Vista,Blanki Vista,Blanki Vista,Bilon,Bilon,Bilon,Bilon,Blanki Vista,Blanki Vista,Blanki Vista,Blanki Vista,Bilon,Bilon,Blanki Vista,Blanki Vista,Bilon,Blanki Vista,Blanki Vista,Bilon
Esgarpok,186,344,Barba Moya,Farla,Farla,Farla,Farla,Farla,Farla,Farla,Farla,Mittenmoth,Mittenmoth,Mittenmoth,Mittenmoth,Mittenmoth,Mittenmoth,Mittenmoth,Mittenmoth,Farla,Farla,Farla,Farla,Mittenmoth,Mittenmoth,Mittenmoth,Mittenmoth,Farla,Farla,Mittenmoth,Mittenmoth,Farla,Mittenmoth,Farla,Mittenmoth,Har,Har,Har,Har,Har,Har,Har,Har,Har,Har,Har,Har,Har,Har,Har,Har
Polaris,618,62,Nova,Arvi,Arvi,Arvi,Arvi,Arvi,Arvi,Arvi,Arvi,Rove,Rove,Rove,Rove,Rove,Rove,Rove,Rove,Arvi,Arvi,Arvi,Arvi,Rove,Rove,Rove,Rove,Arvi,Arvi,Rove,Rove,Arvi,Rove,Arvi,Rove
Jer,165,92,Kala,Ssag,Ssag,Ssag,Ssag,Ssag,Ssag,Ssag,Ssag,Spora,Spora,Spora,Spora,Spora,Spora,Spora,Spora,Rove,Rove,Rove,Rove,Rove,Rove,Rove,Rove,Ssag,Ssag,Ssag,Ssag,Spora,Spora,Spora,Spora,Rove,Rove,Rove,Rove,Ssag,Ssag,Spora,Spora,Rove,Rove,Ssag,Spora,Rove,Ssag,Fali,Unbecom,Spora,Rove,Fali,Unbecom,Fali,Fali,Unbecom,Unbecom,Fali,Fali,Fali,Fali,Unbecom,Unbecom,Unbecom,Unbecom,Fali,Fali,Fali,Fali,Fali,Fali,Fali,Fali,Unbecom,Unbecom,Unbecom,Unbecom,Unbecom,Unbecom,Unbecom,Unbecom
Kalthausen,404,331,Neimaach,Kasten,Kasten,Kasten,Kasten,Kasten,Kasten,Kasten,Kasten,Engel,Engel,Engel,Engel,Engel,Engel,Engel,Engel,Horkan,Horkan,Horkan,Horkan,Horkan,Horkan,Horkan,Horkan,Clokan,Clokan,Clokan,Clokan,Clokan,Clokan,Clokan,Clokan,Kasten,Kasten,Kasten,Kasten,Engel,Engel,Engel,Engel,Horkan,Horkan,Horkan,Horkan,Clokan,Clokan,Clokan,Clokan,Kasten,Kasten,Engel,Engel,Horkan,Horkan,Clokan,Clokan,Kasten,Engel,Horkan,Clokan,Engel,Clokan,Kasten,Unterkan,Horkan,Unterkan,Unterkan,Unterkan,Unterkan,Unterkan,Unterkan,Unterkan,Unterkan,Unterkan,Unterkan,Unterkan,Unterkan,Unterkan,Unterkan,Unterkan
Unterkan,406,385,Neimaach,Kasten,Kasten,Kasten,Kasten,Kasten,Kasten,Kasten,Kasten,Horkan,Horkan,Horkan,Horkan,Horkan,Horkan,Horkan,Horkan,Kalthausen,Kalthausen,Kalthausen,Kalthausen,Kalthausen,Kalthausen,Kalthausen,Kalthausen,Kasten,Kasten,Kasten,Kasten,Horkan,Horkan,Horkan,Horkan,Kalthausen,Kalthausen,Kalthausen,Kalthausen,Kasten,Kasten,Horkan,Horkan,Kalthausen,Kalthausen,Kasten,Horkan,Kalthausen,Kasten,Kalthausen,Horkan
Har,190,410,Barba Moya,Friedartika,Friedartika,Friedartika,Friedartika,Friedartika,Friedartika,Friedartika,Friedartika,Bilon,Bilon,Bilon,Bilon,Bilon,Bilon,Bilon,Bilon,Mittenmoth,Mittenmoth,Mittenmoth,Mittenmoth,Mittenmoth,Mittenmoth,Mittenmoth,Mittenmoth,Esgarpok,Esgarpok,Esgarpok,Esgarpok,Esgarpok,Esgarpok,Esgarpok,Esgarpok,Friedartika,Friedartika,Friedartika,Friedartika,Bilon,Bilon,Bilon,Bilon,Mittenmoth,Mittenmoth,Mittenmoth,Mittenmoth,Esgarpok,Esgarpok,Esgarpok,Esgarpok,Friedartika,Friedartika,Bilon,Bilon,Mittenmoth,Mittenmoth,Esgarpok,Esgarpok,Friedartika,Bilon,Mittenmoth,Esgarpok,Bilon,Mittenmoth,Esgarpok,Friedartika
Fali,217,113,Kala,Ssag,Ssag,Ssag,Ssag,Ssag,Ssag,Ssag,Ssag,Jer,Jer,Jer,Jer,Jer,Jer,Jer,Jer,Ssag,Ssag,Ssag,Ssag,Jer,Jer,Jer,Jer,Ssag,Ssag,Jer,Jer,Ssag,Jer,Ssag,Jer,Unbecom,Unbecom,Unbecom,Unbecom,Unbecom,Unbecom,Unbecom,Unbecom,Unbecom,Unbecom,Unbecom,Unbecom,Unbecom,Unbecom,Unbecom,Unbecom
Unbecom,196,150,Kala,Spora,Spora,Spora,Spora,Spora,Spora,Spora,Spora,Kinsha,Kinsha,Kinsha,Kinsha,Kinsha,Kinsha,Kinsha,Kinsha,a,a,a,a,a,a,a,a,Farla,Farla,Farla,Farla,Farla,Farla,Farla,Farla,Jer,Jer,Jer,Jer,Jer,Jer,Jer,Jer,Fali,Fali,Fali,Fali,Fali,Fali,Fali,Fali,Spora,Spora,Spora,Spora,Kinsha,Kinsha,Kinsha,Kinsha,a,a,a,a,Farla,Farla,Farla,Farla,Jer,Jer,Jer,Jer,Fali,Fali,Fali,Fali,Spora,Spora,Kinsha,Kinsha,a,a,Farla,Farla,Jer,Jer,Fali,Fali,Spora,Kinsha,a,Farla,Jer,Fali,a,Fali,Farla,Kinsha,Spora,Jer
Lurd,315,47,Enevim,Ssag,Ssag,Ssag,Ssag,Ssag,Ssag,Ssag,Ssag,Evor,Evor,Evor,Evor,Evor,Evor,Evor,Evor,Ssag,Ssag,Ssag,Ssag,Evor,Evor,Evor,Evor,Ssag,Ssag,Evor,Evor,Ssag,Evor,Evor,Ssag
